
farhe@LAPTOP-9DQ1G14N MINGW64 /c/github (master)
$ git status
On branch master
Changes not staged for commit:
  (use "git add/rm <file>..." to update what will be committed)
  (use "git restore <file>..." to discard changes in working directory)
        deleted:    fetch

no changes added to commit (use "git add" and/or "git commit -a")

farhe@LAPTOP-9DQ1G14N MINGW64 /c/github (master)
$ git init
Reinitialized existing Git repository in C:/github/.git/

farhe@LAPTOP-9DQ1G14N MINGW64 /c/github (master)
$ git add --a

farhe@LAPTOP-9DQ1G14N MINGW64 /c/github (master)
$ git commit -m "All  files are commited now"
[master 8d54674] All  files are commited now
 1 file changed, 1 deletion(-)
 delete mode 160000 fetch

farhe@LAPTOP-9DQ1G14N MINGW64 /c/github (master)
$ git status
On branch master
nothing to commit, working tree clean

farhe@LAPTOP-9DQ1G14N MINGW64 /c/github (master)
$ git remote

farhe@LAPTOP-9DQ1G14N MINGW64 /c/github (master)
$ git remote add origin https://github.com/Farheen-14/Farheen-GitDemo.git

farhe@LAPTOP-9DQ1G14N MINGW64 /c/github (master)
$ git remote
origin

farhe@LAPTOP-9DQ1G14N MINGW64 /c/github (master)
$ git remote -v
origin  https://github.com/Farheen-14/Farheen-GitDemo.git (fetch)
origin  https://github.com/Farheen-14/Farheen-GitDemo.git (push)

farhe@LAPTOP-9DQ1G14N MINGW64 /c/github (master)
$ git push -u origin main
error: src refspec main does not match any
error: failed to push some refs to 'https://github.com/Farheen-14/Farheen-GitDemo.git'

farhe@LAPTOP-9DQ1G14N MINGW64 /c/github (master)
$ ssh-keygen -t ed25519 -C "farheenriyazi14@gmail.com"
Generating public/private ed25519 key pair.
Enter file in which to save the key (/c/Users/farhe/.ssh/id_ed25519):
Created directory '/c/Users/farhe/.ssh'.
Enter passphrase (empty for no passphrase):
Enter same passphrase again:
Your identification has been saved in /c/Users/farhe/.ssh/id_ed25519
Your public key has been saved in /c/Users/farhe/.ssh/id_ed25519.pub
The key fingerprint is:
SHA256:WAIjY7/YAPAScR981riHZNO4OWeKLcttu/HQPK/SuKo farheenriyazi14@gmail.com
The key's randomart image is:
+--[ED25519 256]--+
|*.=.+  =         |
| * =.+O o        |
|. o o=.*.        |
| . + .*++        |
|  . oo.*S        |
|    o oo         |
|   . +oo+        |
|    o =+.o       |
|  E..o+=o..      |
+----[SHA256]-----+

farhe@LAPTOP-9DQ1G14N MINGW64 /c/github (master)
$ eval $(ssh-agent -s)
Agent pid 127

farhe@LAPTOP-9DQ1G14N MINGW64 /c/github (master)
$ ssh-add ~/.ssh/id_ed25519
Identity added: /c/Users/farhe/.ssh/id_ed25519 (farheenriyazi14@gmail.com)

farhe@LAPTOP-9DQ1G14N MINGW64 /c/github (master)
$ tail ~/.ssh/id_ed25519.pub
ssh-ed25519 AAAAC3NzaC1lZDI1NTE5AAAAIMIz4KuK/ji8AJ+Z7jROH8p8C7nqGZ6C5VuhAHhqSREx farheenriyazi14@gmail.com

farhe@LAPTOP-9DQ1G14N MINGW64 /c/github (master)
$ git push -u origin main
error: src refspec main does not match any
error: failed to push some refs to 'https://github.com/Farheen-14/Farheen-GitDemo.git'

farhe@LAPTOP-9DQ1G14N MINGW64 /c/github (master)
$ git push -u origin master
remote: Permission to Farheen-14/Farheen-GitDemo.git denied to Hasnain-4.
fatal: unable to access 'https://github.com/Farheen-14/Farheen-GitDemo.git/': The requested URL returned error: 403

farhe@LAPTOP-9DQ1G14N MINGW64 /c/github (master)
$ git push -u origin main
error: src refspec main does not match any
error: failed to push some refs to 'https://github.com/Farheen-14/Farheen-GitDemo.git'

farhe@LAPTOP-9DQ1G14N MINGW64 /c/github (master)
$ git branch -M main

farhe@LAPTOP-9DQ1G14N MINGW64 /c/github (main)
$ git push -u origin main
remote: Permission to Farheen-14/Farheen-GitDemo.git denied to Hasnain-4.
fatal: unable to access 'https://github.com/Farheen-14/Farheen-GitDemo.git/': The requested URL returned error: 403

farhe@LAPTOP-9DQ1G14N MINGW64 /c/github (main)
$ ^C

farhe@LAPTOP-9DQ1G14N MINGW64 /c/github (main)
$ git config user.name
Farheen

farhe@LAPTOP-9DQ1G14N MINGW64 /c/github (main)
$ git config user.email
farheenriyazi14@gmail.com

farhe@LAPTOP-9DQ1G14N MINGW64 /c/github (main)
$ git push
fatal: The current branch main has no upstream branch.
To push the current branch and set the remote as upstream, use

    git push --set-upstream origin main


farhe@LAPTOP-9DQ1G14N MINGW64 /c/github (main)
$ git push -u origin main
Enumerating objects: 20, done.
Counting objects: 100% (20/20), done.
Delta compression using up to 4 threads
Compressing objects: 100% (18/18), done.
Writing objects: 100% (20/20), 18.45 KiB | 590.00 KiB/s, done.
Total 20 (delta 6), reused 0 (delta 0), pack-reused 0
remote: Resolving deltas: 100% (6/6), done.
To https://github.com/Farheen-14/Farheen-GitDemo.git
 * [new branch]      main -> main
Branch 'main' set up to track remote branch 'main' from 'origin'.

farhe@LAPTOP-9DQ1G14N MINGW64 /c/github (main)
$ git status
On branch main
Your branch is up to date with 'origin/main'.

Untracked files:
  (use "git add <file>..." to include in what will be committed)
        testingnewfile.txt

nothing added to commit but untracked files present (use "git add" to track)

farhe@LAPTOP-9DQ1G14N MINGW64 /c/github (main)
$ git add .

farhe@LAPTOP-9DQ1G14N MINGW64 /c/github (main)
$ git commit -m "Adding new file in github"
[main 8e7cf7d] Adding new file in github
 1 file changed, 1 insertion(+)
 create mode 100644 testingnewfile.txt

farhe@LAPTOP-9DQ1G14N MINGW64 /c/github (main)
$ git push -u origin main
Enumerating objects: 4, done.
Counting objects: 100% (4/4), done.
Delta compression using up to 4 threads
Compressing objects: 100% (3/3), done.
Writing objects: 100% (3/3), 338 bytes | 338.00 KiB/s, done.
Total 3 (delta 1), reused 0 (delta 0), pack-reused 0
remote: Resolving deltas: 100% (1/1), completed with 1 local object.
To https://github.com/Farheen-14/Farheen-GitDemo.git
   8d54674..8e7cf7d  main -> main
Branch 'main' set up to track remote branch 'main' from 'origin'.

farhe@LAPTOP-9DQ1G14N MINGW64 /c/github (main)
$ git status
On branch main
Your branch is up to date with 'origin/main'.

nothing to commit, working tree clean

farhe@LAPTOP-9DQ1G14N MINGW64 /c/github (main)
$
